
> stepstyle@0.1.0 test
> jest

node.exe : FAIL __test
s__/Navbar.test.jsx 
(7.222 s)
Au caractère C:\Users\
user\AppData\Roaming\n
pm\npm.ps1:24 : 5
+     & "node$exe"  "$
basedir/node_modules/n
pm/bin/npm-cli.js" 
$args
+     ~~~~~~~~~~~~~~~~
~~~~~~~~~~~~~~~~~~~~~~
~~~~~~~~~~~~~~~~~~~~~~
~~
    + CategoryInfo    
          : NotSpeci  
  fied: (FAIL __tes   
 ts__/Navbar.test.    
jsx (7.222 s):Str    
ing) [], RemoteEx    
ception
    + FullyQualifiedE 
   rrorId : NativeCo  
  mmandError
 
  ÔùÅ Navbar 
component ÔÇ║ should 
render the StepStyle 
logo

    TestingLibraryElem
entError: Found 
multiple elements 
with the text: Step

    Here are the 
matching elements:

    Ignored nodes: 
comments, script, 
style
    [36m<h1[39m
      [33mclass[39m=
[32m"font-bold 
text-xl sm:text-2xl 
md:text-[26px] 
text-[#8B7355] 
cursor-pointer 
tracking-wide 
select-none"[39m
    [36m>[39m
      [0mStep[0m
      [36m<span[39m
        [33mclass[39
m=[32m"text-[#5C4A3A]
"[39m
      [36m>[39m
        [0mStyle[0m
      
[36m</span>[39m
    [36m</h1>[39m

    Ignored nodes: 
comments, script, 
style
    [36m<span[39m
      [33mclass[39m=
[32m"font-bold 
text-[20px] 
text-[#8B7355] 
tracking-wide 
select-none"[39m
    [36m>[39m
      [0mStep[0m
      [36m<span[39m
        [33mclass[39
m=[32m"text-[#5C4A3A]
"[39m
      [36m>[39m
        [0mStyle[0m
      
[36m</span>[39m
    [36m</span>[39m

    (If this is 
intentional, then use 
the `*AllBy*` variant 
of the query (like 
`queryAllByText`, 
`getAllByText`, or 
`findAllByText`)).

    Ignored nodes: 
comments, script, 
style
    [36m<body>[39m
      [36m<div>[39m
        [36m<nav[39m
          [33mclass[
39m=[32m"w-full 
bg-white sticky top-0 
z-50 border-b 
border-[#E8DCC8] 
transition-shadow 
duration-300 
shadow-none"[39m
        [36m>[39m
          
[36m<div[39m
            [33mclass
[39m=[32m"max-w-[144
0px] mx-auto flex 
items-center 
justify-between px-4 
sm:px-6 h-16 
sm:h-20"[39m
          [36m>[39m
            
[36m<h1[39m
              [33mcla
ss[39m=[32m"font-bol
d text-xl sm:text-2xl 
md:text-[26px] 
text-[#8B7355] 
cursor-pointer 
tracking-wide 
select-none"[39m
            
[36m>[39m
              
[0mStep[0m
              
[36m<span[39m
                [33mc
lass[39m=[32m"text-[
#5C4A3A]"[39m
              
[36m>[39m
                
[0mStyle[0m
              
[36m</span>[39m
            
[36m</h1>[39m
            
[36m<div[39m
              [33mcla
ss[39m=[32m"hidden 
lg:flex flex-1 
justify-center 
gap-8"[39m
            
[36m>[39m
              
[36m<button[39m
                [33mc
lass[39m=[32m"relati
ve text-sm 
font-semibold 
tracking-wide 
transition-colors 
duration-200 
bg-transparent 
border-none 
cursor-pointer pb-1 
group
                      
text-[#8B7355]"[39m
              
[36m>[39m
                
[0mHome[0m
                
[36m<span[39m
                  [33
mclass[39m=[32m"abso
lute bottom-0 left-0 
h-[2px] bg-[#8B7355] 
rounded-full 
transition-all 
duration-300
                      
  w-full"[39m
                
[36m/>[39m
              
[36m</button>[39m
              
[36m<button[39m
                [33mc
lass[39m=[32m"relati
ve text-sm 
font-semibold 
tracking-wide 
transition-colors 
duration-200 
bg-transparent 
border-none 
cursor-pointer pb-1 
group
                      
text-[#5C4A3A] hover:t
ext-[#8B7355]"[39m
              
[36m>[39m
                
[0mCatalogue[0m
                
[36m<span[39m
                  [33
mclass[39m=[32m"abso
lute bottom-0 left-0 
h-[2px] bg-[#8B7355] 
rounded-full 
transition-all 
duration-300
                      
  w-0 group-hover:w-fu
ll"[39m
                
[36m/>[39m
              
[36m</button>[39m
              
[36m<button[39m
                [33mc
lass[39m=[32m"relati
ve text-sm 
font-semibold 
tracking-wide 
transition-colors 
duration-200 
bg-transparent 
border-none 
cursor-pointer pb-1 
group
                      
text-[#5C4A3A] hover:t
ext-[#8B7355]"[39m
              
[36m>[39m
                
[0mAI Help[0m
                
[36m<span[39m
                  [33
mclass[39m=[32m"abso
lute bottom-0 left-0 
h-[2px] bg-[#8B7355] 
rounded-full 
transition-all 
duration-300
                      
  w-0 group-hover:w-fu
ll"[39m
                
[36m/>[39m
              
[36m</button>[39m
              
[36m<button[39m
                [33mc
lass[39m=[32m"relati
ve text-sm 
font-semibold 
tracking-wide 
transition-colors 
duration-200 
bg-transparent 
border-none 
cursor-pointer pb-1 
group
                      
text-[#5C4A3A] hover:t
ext-[#8B7355]"[39m
              
[36m>[39m
                
[0mContact Us[0m
                
[36m<span[39m
                  [33
mclass[39m=[32m"abso
lute bottom-0 left-0 
h-[2px] bg-[#8B7355] 
rounded-full 
transition-all 
duration-300
                      
  w-0 group-hover:w-fu
ll"[39m
                
[36m/>[39m
              
[36m</button>[39m
              
[36m<button[39m
                [33mc
lass[39m=[32m"relati
ve text-sm 
font-semibold 
tracking-wide 
transition-colors 
duration-200 
bg-transparent 
border-none 
cursor-pointer pb-1 
group
                      
text-[#5C4A3A] hover:t
ext-[#8B7355]"[39m
              
[36m>[39m
                
[0mAbout Us[0m
                
[36m<span[39m
                  [33
mclass[39m=[32m"abso
lute bottom-0 left-0 
h-[2px] bg-[#8B7355] 
rounded-full 
transition-all 
duration-300
                      
  w-0 group-hover:w-fu
ll"[39m
                
[36m/>[39m
              
[36m</button>[39m
            
[36m</div>[39m
            
[36m<div[39m
              [33mcla
ss[39m=[32m"flex 
items-center gap-3 
sm:gap-5"[39m
            
[36m>[39m
              
[36m<button[39m
                [33mc
lass[39m=[32m"p-2 
-m-2 rounded-lg 
hover:bg-[#FAF7F2] 
transition"[39m
                [33mt
ype[39m=[32m"button"
[39m
              
[36m>[39m
                
[36m<svg[39m
                  [33
mclass[39m=[32m"text
-[#5C4A3A] 
hover:text-[#8B7355] 
transition-all 
duration-200"[39m
                  [33
mfill[39m=[32m"curre
ntColor"[39m
                  [33
mheight[39m=[32m"18"
[39m
                  [33
mstroke[39m=[32m"cur
rentColor"[39m
                  [33
mstroke-width[39m=[3
2m"0"[39m
                  [33
mviewBox[39m=[32m"0 
0 512 512"[39m
                  [33
mwidth[39m=[32m"18"
[39m
                  [33
mxmlns[39m=[32m"http
://www.w3.org/2000/svg
"[39m
                
[36m>[39m
                  
[36m<path[39m
                    [
33md[39m=[32m"M462.3
 62.6C407.5 15.9 326 
24.3 275.7 76.2L256 
96.5l-19.7-20.3C186.1 
24.3 104.5 15.9 49.7 
62.6c-62.8 53.6-66.1 
149.8-9.9 207.9l193.5 
199.8c12.5 12.9 32.8 
12.9 45.3 0l193.5-199.
8c56.3-58.1 53-154.3-9
.8-207.9z"[39m
                  
[36m/>[39m
                
[36m</svg>[39m
              
[36m</button>[39m
              
[36m<div[39m
                [33mc
lass[39m=[32m"relati
ve"[39m
              
[36m>[39m
                
[36m<button[39m
                  [33
mclass[39m=[32m"p-2 
 rounded-lg 
hover:bg-[#FAF7F2] 
transition 
relative"[39m
                  [33
mtype[39m=[32m"butto
n"[39m
                
[36m>[39m
                  
[36m<svg[39m
                    [
33mclass[39m=[32m"te
xt-[#5C4A3A] 
hover:text-[#8B7355] 
transition-all 
duration-200"[39m
                    [
33mfill[39m=[32m"cur
rentColor"[39m
                    [
33mheight[39m=[32m"1
8"[39m
                    [
33mstroke[39m=[32m"c
urrentColor"[39m
                    [
33mstroke-width[39m=
[32m"0"[39m
                    [
33mviewBox[39m=[32m"
0 0 576 512"[39m
                    [
33mwidth[39m=[32m"18
"[39m
                    [
33mxmlns[39m=[32m"ht
tp://www.w3.org/2000/s
vg"[39m
                  
[36m>[39m
                    
[36m<path[39m
                      
[33md[39m=[32m"M528
.12 301.319l47.273-208
C578.806 78.301 
567.391 64 551.99 64H1
59.208l-9.166-44.81C14
7.758 8.021 137.93 0 
126.529 0H24C10.745 0 
0 10.745 0 24v16c0 
13.255 10.745 24 24 
24h69.883l70.248 
343.435C147.325 417.1 
136 435.222 136 456c0 
30.928 25.072 56 56 
56s56-25.072 56-56c0-1
5.674-6.447-29.835-16.
824-40h209.647C430.447
 426.165 424 440.326 
424 456c0 30.928 
25.072 56 56 
56s56-25.072 56-56c0-2
2.172-12.888-41.332-31
.579-50.405l5.517-24.2
76c3.413-15.018-8.002-
29.319-23.403-29.319H2
18.117l-6.545-32h293.1
45c11.206 0 
20.92-7.754 
23.403-18.681z"[39m
                    
[36m/>[39m
                  
[36m</svg>[39m
                
[36m</button>[39m
              
[36m</div>[39m
              
[36m<button[39m
                [33mc
lass[39m=[32m"p-2 
-m-2 rounded-lg 
hover:bg-[#FAF7F2] 
transition"[39m
                [33mt
ype[39m=[32m"button"
[39m
              
[36m>[39m
                
[36m<svg[39m
                  [33
mclass[39m=[32m"text
-[#5C4A3A] 
hover:text-[#8B7355] 
transition-all 
duration-200"[39m
                  [33
mfill[39m=[32m"curre
ntColor"[39m
                  [33
mheight[39m=[32m"18"
[39m
                  [33
mstroke[39m=[32m"cur
rentColor"[39m
                  [33
mstroke-width[39m=[3
2m"0"[39m
                  [33
mviewBox[39m=[32m"0 
0 448 512"[...

    [0m [90m 36 
|[39m     
it([32m'should 
render the StepStyle 
logo'[39m[33m,[39m 
() [33m=>[39m {
     [90m 37 |[39m  
       renderNavbar()
[33m;[39m
    [31m[1m>[22m[3
9m[90m 38 |[39m     
    expect(screen[33m
.[39mgetByText([32m'
Step'[39m))[33m.[39
mtoBeInTheDocument()[
33m;[39m
     [90m    |[39m  
                     
[31m[1m^[22m[39m
     [90m 39 |[39m  
       expect(screen[
33m.[39mgetByText([3
2m'Style'[39m))[33m.
[39mtoBeInTheDocument
()[33m;[39m
     [90m 40 |[39m  
   })[33m;[39m
     [90m 41 
|[39m[0m

      at Object.getEle
mentError (node_module
s/@testing-library/dom
/dist/config.js:37:19)
      at 
getElementError (node_
modules/@testing-libra
ry/dom/dist/query-help
ers.js:20:35)
      at getMultipleEl
ementsFoundError (node
_modules/@testing-libr
ary/dom/dist/query-hel
pers.js:23:10)
      at node_modules/
@testing-library/dom/d
ist/query-helpers.js:5
5:13
      at node_modules/
@testing-library/dom/d
ist/query-helpers.js:9
5:19
      at 
Object.getByText (__te
sts__/Navbar.test.jsx:
38:23)

  ÔùÅ Navbar 
component ÔÇ║ should 
render all desktop 
navigation links

    TestingLibraryElem
entError: Found 
multiple elements 
with the text: Home

    Here are the 
matching elements:

    Ignored nodes: 
comments, script, 
style
    [36m<button[39m
      [33mclass[39m=
[32m"relative 
text-sm font-semibold 
tracking-wide 
transition-colors 
duration-200 
bg-transparent 
border-none 
cursor-pointer pb-1 
group
                      
text-[#8B7355]"[39m
    [36m>[39m
      [0mHome[0m
      [36m<span[39m
        [33mclass[39
m=[32m"absolute 
bottom-0 left-0 
h-[2px] bg-[#8B7355] 
rounded-full 
transition-all 
duration-300
                      
  w-full"[39m
      [36m/>[39m
    
[36m</button>[39m

    Ignored nodes: 
comments, script, 
style
    [36m<button[39m
      [33mclass[39m=
[32m"flex 
items-center 
justify-between 
w-full px-4 py-3 
rounded-xl text-sm 
font-semibold 
tracking-wide 
transition-all 
duration-200 
cursor-pointer 
border-none text-left 
group
                    
bg-[#FAF7F2] 
text-[#8B7355] border 
border-[#E8DCC8]"[39m
      [33mstyle[39m=
[32m"animation-delay:
 0ms;"[39m
    [36m>[39m
      [0mHome[0m
      [36m<span[39m
        [33mclass[39
m=[32m"text-[#8B7355]
 transition-transform 
duration-200 group-hov
er:translate-x-1 
opacity-100"[39m
      [36m>[39m
        [0mÔåÆ[0m
      
[36m</span>[39m
    
[36m</button>[39m

    (If this is 
intentional, then use 
the `*AllBy*` variant 
of the query (like 
`queryAllByText`, 
`getAllByText`, or 
`findAllByText`)).

    Ignored nodes: 
comments, script, 
style
    [36m<body>[39m
      [36m<div>[39m
        [36m<nav[39m
          [33mclass[
39m=[32m"w-full 
bg-white sticky top-0 
z-50 border-b 
border-[#E8DCC8] 
transition-shadow 
duration-300 
shadow-none"[39m
        [36m>[39m
          
[36m<div[39m
            [33mclass
[39m=[32m"max-w-[144
0px] mx-auto flex 
items-center 
justify-between px-4 
sm:px-6 h-16 
sm:h-20"[39m
          [36m>[39m
            
[36m<h1[39m
              [33mcla
ss[39m=[32m"font-bol
d text-xl sm:text-2xl 
md:text-[26px] 
text-[#8B7355] 
cursor-pointer 
tracking-wide 
select-none"[39m
            
[36m>[39m
              
[0mStep[0m
              
[36m<span[39m
                [33mc
lass[39m=[32m"text-[
#5C4A3A]"[39m
              
[36m>[39m
                
[0mStyle[0m
              
[36m</span>[39m
            
[36m</h1>[39m
            
[36m<div[39m
              [33mcla
ss[39m=[32m"hidden 
lg:flex flex-1 
justify-center 
gap-8"[39m
            
[36m>[39m
              
[36m<button[39m
                [33mc
lass[39m=[32m"relati
ve text-sm 
font-semibold 
tracking-wide 
transition-colors 
duration-200 
bg-transparent 
border-none 
cursor-pointer pb-1 
group
                      
text-[#8B7355]"[39m
              
[36m>[39m
                
[0mHome[0m
                
[36m<span[39m
                  [33
mclass[39m=[32m"abso
lute bottom-0 left-0 
h-[2px] bg-[#8B7355] 
rounded-full 
transition-all 
duration-300
                      
  w-full"[39m
                
[36m/>[39m
              
[36m</button>[39m
              
[36m<button[39m
                [33mc
lass[39m=[32m"relati
ve text-sm 
font-semibold 
tracking-wide 
transition-colors 
duration-200 
bg-transparent 
border-none 
cursor-pointer pb-1 
group
                      
text-[#5C4A3A] hover:t
ext-[#8B7355]"[39m
              
[36m>[39m
                
[0mCatalogue[0m
                
[36m<span[39m
                  [33
mclass[39m=[32m"abso
lute bottom-0 left-0 
h-[2px] bg-[#8B7355] 
rounded-full 
transition-all 
duration-300
                      
  w-0 group-hover:w-fu
ll"[39m
                
[36m/>[39m
              
[36m</button>[39m
              
[36m<button[39m
                [33mc
lass[39m=[32m"relati
ve text-sm 
font-semibold 
tracking-wide 
transition-colors 
duration-200 
bg-transparent 
border-none 
cursor-pointer pb-1 
group
                      
text-[#5C4A3A] hover:t
ext-[#8B7355]"[39m
              
[36m>[39m
                
[0mAI Help[0m
                
[36m<span[39m
                  [33
mclass[39m=[32m"abso
lute bottom-0 left-0 
h-[2px] bg-[#8B7355] 
rounded-full 
transition-all 
duration-300
                      
  w-0 group-hover:w-fu
ll"[39m
                
[36m/>[39m
              
[36m</button>[39m
              
[36m<button[39m
                [33mc
lass[39m=[32m"relati
ve text-sm 
font-semibold 
tracking-wide 
transition-colors 
duration-200 
bg-transparent 
border-none 
cursor-pointer pb-1 
group
                      
text-[#5C4A3A] hover:t
ext-[#8B7355]"[39m
              
[36m>[39m
                
[0mContact Us[0m
                
[36m<span[39m
                  [33
mclass[39m=[32m"abso
lute bottom-0 left-0 
h-[2px] bg-[#8B7355] 
rounded-full 
transition-all 
duration-300
                      
  w-0 group-hover:w-fu
ll"[39m
                
[36m/>[39m
              
[36m</button>[39m
              
[36m<button[39m
                [33mc
lass[39m=[32m"relati
ve text-sm 
font-semibold 
tracking-wide 
transition-colors 
duration-200 
bg-transparent 
border-none 
cursor-pointer pb-1 
group
                      
text-[#5C4A3A] hover:t
ext-[#8B7355]"[39m
              
[36m>[39m
                
[0mAbout Us[0m
                
[36m<span[39m
                  [33
mclass[39m=[32m"abso
lute bottom-0 left-0 
h-[2px] bg-[#8B7355] 
rounded-full 
transition-all 
duration-300
                      
  w-0 group-hover:w-fu
ll"[39m
                
[36m/>[39m
              
[36m</button>[39m
            
[36m</div>[39m
            
[36m<div[39m
              [33mcla
ss[39m=[32m"flex 
items-center gap-3 
sm:gap-5"[39m
            
[36m>[39m
              
[36m<button[39m
                [33mc
lass[39m=[32m"p-2 
-m-2 rounded-lg 
hover:bg-[#FAF7F2] 
transition"[39m
                [33mt
ype[39m=[32m"button"
[39m
              
[36m>[39m
                
[36m<svg[39m
                  [33
mclass[39m=[32m"text
-[#5C4A3A] 
hover:text-[#8B7355] 
transition-all 
duration-200"[39m
                  [33
mfill[39m=[32m"curre
ntColor"[39m
                  [33
mheight[39m=[32m"18"
[39m
                  [33
mstroke[39m=[32m"cur
rentColor"[39m
                  [33
mstroke-width[39m=[3
2m"0"[39m
                  [33
mviewBox[39m=[32m"0 
0 512 512"[39m
                  [33
mwidth[39m=[32m"18"
[39m
                  [33
mxmlns[39m=[32m"http
://www.w3.org/2000/svg
"[39m
                
[36m>[39m
                  
[36m<path[39m
                    [
33md[39m=[32m"M462.3
 62.6C407.5 15.9 326 
24.3 275.7 76.2L256 
96.5l-19.7-20.3C186.1 
24.3 104.5 15.9 49.7 
62.6c-62.8 53.6-66.1 
149.8-9.9 207.9l193.5 
199.8c12.5 12.9 32.8 
12.9 45.3 0l193.5-199.
8c56.3-58.1 53-154.3-9
.8-207.9z"[39m
                  
[36m/>[39m
                
[36m</svg>[39m
              
[36m</button>[39m
              
[36m<div[39m
                [33mc
lass[39m=[32m"relati
ve"[39m
              
[36m>[39m
                
[36m<button[39m
                  [33
mclass[39m=[32m"p-2 
 rounded-lg 
hover:bg-[#FAF7F2] 
transition 
relative"[39m
                  [33
mtype[39m=[32m"butto
n"[39m
                
[36m>[39m
                  
[36m<svg[39m
                    [
33mclass[39m=[32m"te
xt-[#5C4A3A] 
hover:text-[#8B7355] 
transition-all 
duration-200"[39m
                    [
33mfill[39m=[32m"cur
rentColor"[39m
                    [
33mheight[39m=[32m"1
8"[39m
                    [
33mstroke[39m=[32m"c
urrentColor"[39m
                    [
33mstroke-width[39m=
[32m"0"[39m
                    [
33mviewBox[39m=[32m"
0 0 576 512"[39m
                    [
33mwidth[39m=[32m"18
"[39m
                    [
33mxmlns[39m=[32m"ht
tp://www.w3.org/2000/s
vg"[39m
                  
[36m>[39m
                    
[36m<path[39m
                      
[33md[39m=[32m"M528
.12 301.319l47.273-208
C578.806 78.301 
567.391 64 551.99 64H1
59.208l-9.166-44.81C14
7.758 8.021 137.93 0 
126.529 0H24C10.745 0 
0 10.745 0 24v16c0 
13.255 10.745 24 24 
24h69.883l70.248 
343.435C147.325 417.1 
136 435.222 136 456c0 
30.928 25.072 56 56 
56s56-25.072 56-56c0-1
5.674-6.447-29.835-16.
824-40h209.647C430.447
 426.165 424 440.326 
424 456c0 30.928 
25.072 56 56 
56s56-25.072 56-56c0-2
2.172-12.888-41.332-31
.579-50.405l5.517-24.2
76c3.413-15.018-8.002-
29.319-23.403-29.319H2
18.117l-6.545-32h293.1
45c11.206 0 
20.92-7.754 
23.403-18.681z"[39m
                    
[36m/>[39m
                  
[36m</svg>[39m
                
[36m</button>[39m
              
[36m</div>[39m
              
[36m<button[39m
                [33mc
lass[39m=[32m"p-2 
-m-2 rounded-lg 
hover:bg-[#FAF7F2] 
transition"[39m
                [33mt
ype[39m=[32m"button"
[39m
              
[36m>[39m
                
[36m<svg[39m
                  [33
mclass[39m=[32m"text
-[#5C4A3A] 
hover:text-[#8B7355] 
transition-all 
duration-200"[39m
                  [33
mfill[39m=[32m"curre
ntColor"[39m
                  [33
mheight[39m=[32m"18"
[39m
                  [33
mstroke[39m=[32m"cur
rentColor"[39m
                  [33
mstroke-width[39m=[3
2m"0"[39m
                  [33
mviewBox[39m=[32m"0 
0 448 512"[...

    [0m [90m 42 
|[39m     
it([32m'should 
render all desktop 
navigation links'[39m
[33m,[39m () 
[33m=>[39m {
     [90m 43 |[39m  
       renderNavbar()
[33m;[39m
    [31m[1m>[22m[3
9m[90m 44 |[39m     
    expect(screen[33m
.[39mgetByText([32m'
Home'[39m))[33m.[39
mtoBeInTheDocument()[
33m;[39m
     [90m    |[39m  
                     
[31m[1m^[22m[39m
     [90m 45 |[39m  
       expect(screen[
33m.[39mgetByText([3
2m'Catalogue'[39m))[
33m.[39mtoBeInTheDocu
ment()[33m;[39m
     [90m 46 |[39m  
       expect(screen[
33m.[39mgetByText([3
2m'AI Help'[39m))[33
m.[39mtoBeInTheDocume
nt()[33m;[39m
     [90m 47 |[39m  
       expect(screen[
33m.[39mgetByText([3
2m'Contact Us'[39m))
[33m.[39mtoBeInTheDoc
ument()[33m;[39m[0m

      at Object.getEle
mentError (node_module
s/@testing-library/dom
/dist/config.js:37:19)
      at 
getElementError (node_
modules/@testing-libra
ry/dom/dist/query-help
ers.js:20:35)
      at getMultipleEl
ementsFoundError (node
_modules/@testing-libr
ary/dom/dist/query-hel
pers.js:23:10)
      at node_modules/
@testing-library/dom/d
ist/query-helpers.js:5
5:13
      at node_modules/
@testing-library/dom/d
ist/query-helpers.js:9
5:19
      at 
Object.getByText (__te
sts__/Navbar.test.jsx:
44:23)

  ÔùÅ Navbar 
component ÔÇ║ should 
navigate to home when 
logo is clicked

    TestingLibraryElem
entError: Found 
multiple elements 
with the text: Step

    Here are the 
matching elements:

    Ignored nodes: 
comments, script, 
style
    [36m<h1[39m
      [33mclass[39m=
[32m"font-bold 
text-xl sm:text-2xl 
md:text-[26px] 
text-[#8B7355] 
cursor-pointer 
tracking-wide 
select-none"[39m
    [36m>[39m
      [0mStep[0m
      [36m<span[39m
        [33mclass[39
m=[32m"text-[#5C4A3A]
"[39m
      [36m>[39m
        [0mStyle[0m
      
[36m</span>[39m
    [36m</h1>[39m

    Ignored nodes: 
comments, script, 
style
    [36m<span[39m
      [33mclass[39m=
[32m"font-bold 
text-[20px] 
text-[#8B7355] 
tracking-wide 
select-none"[39m
    [36m>[39m
      [0mStep[0m
      [36m<span[39m
        [33mclass[39
m=[32m"text-[#5C4A3A]
"[39m
      [36m>[39m
        [0mStyle[0m
      
[36m</span>[39m
    [36m</span>[39m

    (If this is 
intentional, then use 
the `*AllBy*` variant 
of the query (like 
`queryAllByText`, 
`getAllByText`, or 
`findAllByText`)).

    Ignored nodes: 
comments, script, 
style
    [36m<body>[39m
      [36m<div>[39m
        [36m<nav[39m
          [33mclass[
39m=[32m"w-full 
bg-white sticky top-0 
z-50 border-b 
border-[#E8DCC8] 
transition-shadow 
duration-300 
shadow-none"[39m
        [36m>[39m
          
[36m<div[39m
            [33mclass
[39m=[32m"max-w-[144
0px] mx-auto flex 
items-center 
justify-between px-4 
sm:px-6 h-16 
sm:h-20"[39m
          [36m>[39m
            
[36m<h1[39m
              [33mcla
ss[39m=[32m"font-bol
d text-xl sm:text-2xl 
md:text-[26px] 
text-[#8B7355] 
cursor-pointer 
tracking-wide 
select-none"[39m
            
[36m>[39m
              
[0mStep[0m
              
[36m<span[39m
                [33mc
lass[39m=[32m"text-[
#5C4A3A]"[39m
              
[36m>[39m
                
[0mStyle[0m
              
[36m</span>[39m
            
[36m</h1>[39m
            
[36m<div[39m
              [33mcla
ss[39m=[32m"hidden 
lg:flex flex-1 
justify-center 
gap-8"[39m
            
[36m>[39m
              
[36m<button[39m
                [33mc
lass[39m=[32m"relati
ve text-sm 
font-semibold 
tracking-wide 
transition-colors 
duration-200 
bg-transparent 
border-none 
cursor-pointer pb-1 
group
                      
text-[#8B7355]"[39m
              
[36m>[39m
                
[0mHome[0m
                
[36m<span[39m
                  [33
mclass[39m=[32m"abso
lute bottom-0 left-0 
h-[2px] bg-[#8B7355] 
rounded-full 
transition-all 
duration-300
                      
  w-full"[39m
                
[36m/>[39m
              
[36m</button>[39m
              
[36m<button[39m
                [33mc
lass[39m=[32m"relati
ve text-sm 
font-semibold 
tracking-wide 
transition-colors 
duration-200 
bg-transparent 
border-none 
cursor-pointer pb-1 
group
                      
text-[#5C4A3A] hover:t
ext-[#8B7355]"[39m
              
[36m>[39m
                
[0mCatalogue[0m
                
[36m<span[39m
                  [33
mclass[39m=[32m"abso
lute bottom-0 left-0 
h-[2px] bg-[#8B7355] 
rounded-full 
transition-all 
duration-300
                      
  w-0 group-hover:w-fu
ll"[39m
                
[36m/>[39m
              
[36m</button>[39m
              
[36m<button[39m
                [33mc
lass[39m=[32m"relati
ve text-sm 
font-semibold 
tracking-wide 
transition-colors 
duration-200 
bg-transparent 
border-none 
cursor-pointer pb-1 
group
                      
text-[#5C4A3A] hover:t
ext-[#8B7355]"[39m
              
[36m>[39m
                
[0mAI Help[0m
                
[36m<span[39m
                  [33
mclass[39m=[32m"abso
lute bottom-0 left-0 
h-[2px] bg-[#8B7355] 
rounded-full 
transition-all 
duration-300
                      
  w-0 group-hover:w-fu
ll"[39m
                
[36m/>[39m
              
[36m</button>[39m
              
[36m<button[39m
                [33mc
lass[39m=[32m"relati
ve text-sm 
font-semibold 
tracking-wide 
transition-colors 
duration-200 
bg-transparent 
border-none 
cursor-pointer pb-1 
group
                      
text-[#5C4A3A] hover:t
ext-[#8B7355]"[39m
              
[36m>[39m
                
[0mContact Us[0m
                
[36m<span[39m
                  [33
mclass[39m=[32m"abso
lute bottom-0 left-0 
h-[2px] bg-[#8B7355] 
rounded-full 
transition-all 
duration-300
                      
  w-0 group-hover:w-fu
ll"[39m
                
[36m/>[39m
              
[36m</button>[39m
              
[36m<button[39m
                [33mc
lass[39m=[32m"relati
ve text-sm 
font-semibold 
tracking-wide 
transition-colors 
duration-200 
bg-transparent 
border-none 
cursor-pointer pb-1 
group
                      
text-[#5C4A3A] hover:t
ext-[#8B7355]"[39m
              
[36m>[39m
                
[0mAbout Us[0m
                
[36m<span[39m
                  [33
mclass[39m=[32m"abso
lute bottom-0 left-0 
h-[2px] bg-[#8B7355] 
rounded-full 
transition-all 
duration-300
                      
  w-0 group-hover:w-fu
ll"[39m
                
[36m/>[39m
              
[36m</button>[39m
            
[36m</div>[39m
            
[36m<div[39m
              [33mcla
ss[39m=[32m"flex 
items-center gap-3 
sm:gap-5"[39m
            
[36m>[39m
              
[36m<button[39m
                [33mc
lass[39m=[32m"p-2 
-m-2 rounded-lg 
hover:bg-[#FAF7F2] 
transition"[39m
                [33mt
ype[39m=[32m"button"
[39m
              
[36m>[39m
                
[36m<svg[39m
                  [33
mclass[39m=[32m"text
-[#5C4A3A] 
hover:text-[#8B7355] 
transition-all 
duration-200"[39m
                  [33
mfill[39m=[32m"curre
ntColor"[39m
                  [33
mheight[39m=[32m"18"
[39m
                  [33
mstroke[39m=[32m"cur
rentColor"[39m
                  [33
mstroke-width[39m=[3
2m"0"[39m
                  [33
mviewBox[39m=[32m"0 
0 512 512"[39m
                  [33
mwidth[39m=[32m"18"
[39m
                  [33
mxmlns[39m=[32m"http
://www.w3.org/2000/svg
"[39m
                
[36m>[39m
                  
[36m<path[39m
                    [
33md[39m=[32m"M462.3
 62.6C407.5 15.9 326 
24.3 275.7 76.2L256 
96.5l-19.7-20.3C186.1 
24.3 104.5 15.9 49.7 
62.6c-62.8 53.6-66.1 
149.8-9.9 207.9l193.5 
199.8c12.5 12.9 32.8 
12.9 45.3 0l193.5-199.
8c56.3-58.1 53-154.3-9
.8-207.9z"[39m
                  
[36m/>[39m
                
[36m</svg>[39m
              
[36m</button>[39m
              
[36m<div[39m
                [33mc
lass[39m=[32m"relati
ve"[39m
              
[36m>[39m
                
[36m<button[39m
                  [33
mclass[39m=[32m"p-2 
 rounded-lg 
hover:bg-[#FAF7F2] 
transition 
relative"[39m
                  [33
mtype[39m=[32m"butto
n"[39m
                
[36m>[39m
                  
[36m<svg[39m
                    [
33mclass[39m=[32m"te
xt-[#5C4A3A] 
hover:text-[#8B7355] 
transition-all 
duration-200"[39m
                    [
33mfill[39m=[32m"cur
rentColor"[39m
                    [
33mheight[39m=[32m"1
8"[39m
                    [
33mstroke[39m=[32m"c
urrentColor"[39m
                    [
33mstroke-width[39m=
[32m"0"[39m
                    [
33mviewBox[39m=[32m"
0 0 576 512"[39m
                    [
33mwidth[39m=[32m"18
"[39m
                    [
33mxmlns[39m=[32m"ht
tp://www.w3.org/2000/s
vg"[39m
                  
[36m>[39m
                    
[36m<path[39m
                      
[33md[39m=[32m"M528
.12 301.319l47.273-208
C578.806 78.301 
567.391 64 551.99 64H1
59.208l-9.166-44.81C14
7.758 8.021 137.93 0 
126.529 0H24C10.745 0 
0 10.745 0 24v16c0 
13.255 10.745 24 24 
24h69.883l70.248 
343.435C147.325 417.1 
136 435.222 136 456c0 
30.928 25.072 56 56 
56s56-25.072 56-56c0-1
5.674-6.447-29.835-16.
824-40h209.647C430.447
 426.165 424 440.326 
424 456c0 30.928 
25.072 56 56 
56s56-25.072 56-56c0-2
2.172-12.888-41.332-31
.579-50.405l5.517-24.2
76c3.413-15.018-8.002-
29.319-23.403-29.319H2
18.117l-6.545-32h293.1
45c11.206 0 
20.92-7.754 
23.403-18.681z"[39m
                    
[36m/>[39m
                  
[36m</svg>[39m
                
[36m</button>[39m
              
[36m</div>[39m
              
[36m<button[39m
                [33mc
lass[39m=[32m"p-2 
-m-2 rounded-lg 
hover:bg-[#FAF7F2] 
transition"[39m
                [33mt
ype[39m=[32m"button"
[39m
              
[36m>[39m
                
[36m<svg[39m
                  [33
mclass[39m=[32m"text
-[#5C4A3A] 
hover:text-[#8B7355] 
transition-all 
duration-200"[39m
                  [33
mfill[39m=[32m"curre
ntColor"[39m
                  [33
mheight[39m=[32m"18"
[39m
                  [33
mstroke[39m=[32m"cur
rentColor"[39m
                  [33
mstroke-width[39m=[3
2m"0"[39m
                  [33
mviewBox[39m=[32m"0 
0 448 512"[...

    [0m [90m 63 
|[39m     
it([32m'should 
navigate to home when 
logo is clicked'[39m
[33m,[39m () 
[33m=>[39m {
     [90m 64 |[39m  
       renderNavbar()
[33m;[39m
    [31m[1m>[22m[3
9m[90m 65 |[39m     
    [36mconst[39m 
logo [33m=[39m scree
n[33m.[39mgetByText(
[32m'Step'[39m)[33m
;[39m
     [90m    |[39m  
                      
     
[31m[1m^[22m[39m
     [90m 66 |[39m  
       fireEvent[33m.
[39mclick(logo)[33m;
[39m
     [90m 67 |[39m  
       expect(mockPush
)[33m.[39mtoHaveBeen
CalledWith([32m'/'[3
9m)[33m;[39m
     [90m 68 |[39m  
   })[33m;[39m[0m

      at Object.getEle
mentError (node_module
s/@testing-library/dom
/dist/config.js:37:19)
      at 
getElementError (node_
modules/@testing-libra
ry/dom/dist/query-help
ers.js:20:35)
      at getMultipleEl
ementsFoundError (node
_modules/@testing-libr
ary/dom/dist/query-hel
pers.js:23:10)
      at node_modules/
@testing-library/dom/d
ist/query-helpers.js:5
5:13
      at node_modules/
@testing-library/dom/d
ist/query-helpers.js:9
5:19
      at 
Object.getByText (__te
sts__/Navbar.test.jsx:
65:29)

FAIL __tests__/Home.te
st.jsx (7.478 s)
  ÔùÅ Console

    console.error
      React does not 
recognize the 
`whileInView` prop on 
a DOM element. If you 
intentionally want it 
to appear in the DOM 
as a custom 
attribute, spell it 
as lowercase 
`whileinview` 
instead. If you 
accidentally passed 
it from a parent 
component, remove it 
from the DOM element.

    [0m [90m 32 
|[39m 
describe([32m'Home 
Page'[39m[33m,[39m 
() [33m=>[39m {
     [90m 33 |[39m  
   it([32m'renders 
the hero section with 
correct title'[39m[3
3m,[39m () 
[33m=>[39m {
    [31m[1m>[22m[3
9m[90m 34 |[39m     
    render(
     [90m    |[39m  
             
[31m[1m^[22m[39m
     [90m 35 |[39m  
           [33m<[39m
[33mProvider[39m sto
re[33m=[39m{createMo
ckStore()}[33m>[39m
     [90m 36 |[39m  
               [33m<
[39m[33mHome[39m 
[33m/[39m[33m>[39m
     [90m 37 |[39m  
           [33m<[39m
[33m/[39m[33mProvid
er[39m[33m>[39m[0m

      at 
validateProperty (node
_modules/react-dom/cjs
/react-dom-client.deve
lopment.js:3001:19)
      at 
warnUnknownProperties 
(node_modules/react-do
m/cjs/react-dom-client
.development.js:3146:9
)
      at validatePrope
rtiesInDevelopment (no
de_modules/react-dom/c
js/react-dom-client.de
velopment.js:19868:9)
      at 
setInitialProperties (
node_modules/react-dom
/cjs/react-dom-client.
development.js:20491:7
)
      at completeWork 
(node_modules/react-do
m/cjs/react-dom-client
.development.js:12662:
18)
      at 
runWithFiberInDEV (nod
e_modules/react-dom/cj
s/react-dom-client.dev
elopment.js:874:13)
      at 
completeUnitOfWork (no
de_modules/react-dom/c
js/react-dom-client.de
velopment.js:17777:19)
      at 
performUnitOfWork (nod
e_modules/react-dom/cj
s/react-dom-client.dev
elopment.js:17658:11)
      at workLoopSync 
(node_modules/react-do
m/cjs/react-dom-client
.development.js:17469:
41)
      at 
renderRootSync (node_m
odules/react-dom/cjs/r
eact-dom-client.develo
pment.js:17450:11)
      at 
performWorkOnRoot (nod
e_modules/react-dom/cj
s/react-dom-client.dev
elopment.js:16504:11)
      at performWorkOn
RootViaSchedulerTask (
node_modules/react-dom
/cjs/react-dom-client.
development.js:18957:7
)
      at 
flushActQueue (node_mo
dules/react/cjs/react.
development.js:590:34)
      at process.env.N
ODE_ENV.exports.act (n
ode_modules/react/cjs/
react.development.js:8
84:10)
      at node_modules/
@testing-library/react
/dist/act-compat.js:46
:25
      at renderRoot (n
ode_modules/@testing-l
ibrary/react/dist/pure
.js:189:26)
      at render (node_
modules/@testing-libra
ry/react/dist/pure.js:
291:10)
      at 
Object.<anonymous> (__
tests__/Home.test.jsx:
34:15)

    console.error
      Received `true` 
for a non-boolean 
attribute `priority`.
      
      If you want to 
write it to the DOM, 
pass a string 
instead: 
priority="true" or pri
ority={value.toString(
)}.

    [0m [90m 32 
|[39m 
describe([32m'Home 
Page'[39m[33m,[39m 
() [33m=>[39m {
     [90m 33 |[39m  
   it([32m'renders 
the hero section with 
correct title'[39m[3
3m,[39m () 
[33m=>[39m {
    [31m[1m>[22m[3
9m[90m 34 |[39m     
    render(
     [90m    |[39m  
             
[31m[1m^[22m[39m
     [90m 35 |[39m  
           [33m<[39m
[33mProvider[39m sto
re[33m=[39m{createMo
ckStore()}[33m>[39m
     [90m 36 |[39m  
               [33m<
[39m[33mHome[39m 
[33m/[39m[33m>[39m
     [90m 37 |[39m  
           [33m<[39m
[33m/[39m[33mProvid
er[39m[33m>[39m[0m

      at 
validateProperty (node
_modules/react-dom/cjs
/react-dom-client.deve
lopment.js:3070:27)
      at 
warnUnknownProperties 
(node_modules/react-do
m/cjs/react-dom-client
.development.js:3146:9
)
      at validatePrope
rtiesInDevelopment (no
de_modules/react-dom/c
js/react-dom-client.de
velopment.js:19868:9)
      at 
setInitialProperties (
node_modules/react-dom
/cjs/react-dom-client.
development.js:20491:7
)
      at completeWork 
(node_modules/react-do
m/cjs/react-dom-client
.development.js:12662:
18)
      at 
runWithFiberInDEV (nod
e_modules/react-dom/cj
s/react-dom-client.dev
elopment.js:874:13)
      at 
completeUnitOfWork (no
de_modules/react-dom/c
js/react-dom-client.de
velopment.js:17777:19)
      at 
performUnitOfWork (nod
e_modules/react-dom/cj
s/react-dom-client.dev
elopment.js:17658:11)
      at workLoopSync 
(node_modules/react-do
m/cjs/react-dom-client
.development.js:17469:
41)
      at 
renderRootSync (node_m
odules/react-dom/cjs/r
eact-dom-client.develo
pment.js:17450:11)
      at 
performWorkOnRoot (nod
e_modules/react-dom/cj
s/react-dom-client.dev
elopment.js:16504:11)
      at performWorkOn
RootViaSchedulerTask (
node_modules/react-dom
/cjs/react-dom-client.
development.js:18957:7
)
      at 
flushActQueue (node_mo
dules/react/cjs/react.
development.js:590:34)
      at process.env.N
ODE_ENV.exports.act (n
ode_modules/react/cjs/
react.development.js:8
84:10)
      at node_modules/
@testing-library/react
/dist/act-compat.js:46
:25
      at renderRoot (n
ode_modules/@testing-l
ibrary/react/dist/pure
.js:189:26)
      at render (node_
modules/@testing-libra
ry/react/dist/pure.js:
291:10)
      at 
Object.<anonymous> (__
tests__/Home.test.jsx:
34:15)

    console.error
      React does not 
recognize the 
`whileHover` prop on 
a DOM element. If you 
intentionally want it 
to appear in the DOM 
as a custom 
attribute, spell it 
as lowercase 
`whilehover` instead. 
If you accidentally 
passed it from a 
parent component, 
remove it from the 
DOM element.

    [0m [90m 32 
|[39m 
describe([32m'Home 
Page'[39m[33m,[39m 
() [33m=>[39m {
     [90m 33 |[39m  
   it([32m'renders 
the hero section with 
correct title'[39m[3
3m,[39m () 
[33m=>[39m {
    [31m[1m>[22m[3
9m[90m 34 |[39m     
    render(
     [90m    |[39m  
             
[31m[1m^[22m[39m
     [90m 35 |[39m  
           [33m<[39m
[33mProvider[39m sto
re[33m=[39m{createMo
ckStore()}[33m>[39m
     [90m 36 |[39m  
               [33m<
[39m[33mHome[39m 
[33m/[39m[33m>[39m
     [90m 37 |[39m  
           [33m<[39m
[33m/[39m[33mProvid
er[39m[33m>[39m[0m

      at 
validateProperty (node
_modules/react-dom/cjs
/react-dom-client.deve
lopment.js:3001:19)
      at 
warnUnknownProperties 
(node_modules/react-do
m/cjs/react-dom-client
.development.js:3146:9
)
      at validatePrope
rtiesInDevelopment (no
de_modules/react-dom/c
js/react-dom-client.de
velopment.js:19868:9)
      at 
setInitialProperties (
node_modules/react-dom
/cjs/react-dom-client.
development.js:20491:7
)
      at completeWork 
(node_modules/react-do
m/cjs/react-dom-client
.development.js:12662:
18)
      at 
runWithFiberInDEV (nod
e_modules/react-dom/cj
s/react-dom-client.dev
elopment.js:874:13)
      at 
completeUnitOfWork (no
de_modules/react-dom/c
js/react-dom-client.de
velopment.js:17777:19)
      at 
performUnitOfWork (nod
e_modules/react-dom/cj
s/react-dom-client.dev
elopment.js:17658:11)
      at workLoopSync 
(node_modules/react-do
m/cjs/react-dom-client
.development.js:17469:
41)
      at 
renderRootSync (node_m
odules/react-dom/cjs/r
eact-dom-client.develo
pment.js:17450:11)
      at 
performWorkOnRoot (nod
e_modules/react-dom/cj
s/react-dom-client.dev
elopment.js:16504:11)
      at performWorkOn
RootViaSchedulerTask (
node_modules/react-dom
/cjs/react-dom-client.
development.js:18957:7
)
      at 
flushActQueue (node_mo
dules/react/cjs/react.
development.js:590:34)
      at process.env.N
ODE_ENV.exports.act (n
ode_modules/react/cjs/
react.development.js:8
84:10)
      at node_modules/
@testing-library/react
/dist/act-compat.js:46
:25
      at renderRoot (n
ode_modules/@testing-l
ibrary/react/dist/pure
.js:189:26)
      at render (node_
modules/@testing-libra
ry/react/dist/pure.js:
291:10)
      at 
Object.<anonymous> (__
tests__/Home.test.jsx:
34:15)

  ÔùÅ Home Page ÔÇ║ 
renders a list of 
best sellers when 
products are loaded

    TestingLibraryElem
entError: Unable to 
find an element with 
the text: Cool Shoe. 
This could be because 
the text is broken up 
by multiple elements. 
In this case, you can 
provide a function 
for your text matcher 
to make your matcher 
more flexible.

    Ignored nodes: 
comments, script, 
style
    [36m<body>[39m
      [36m<div>[39m
        [36m<div[39m
          [33mclass[
39m=[32m"min-h-screen
 bg-[#FAF7F2] 
text-[#6B5B4A]"[39m
        [36m>[39m
          
[36m<section[39m
            [33mclass
[39m=[32m"px-4 
sm:px-6 md:px-12 
py-12 sm:py-16 
md:py-24"[39m
            [33mcusto
m[39m=[32m"0"[39m
            [33miniti
al[39m=[32m"hidden"
[39m
            [33mvaria
nts[39m=[32m"[object
 Object]"[39m
            [33mviewp
ort[39m=[32m"[object
 Object]"[39m
            [33mwhile
inview[39m=[32m"visi
ble"[39m
          [36m>[39m
            
[36m<div[39m
              [33mcla
ss[39m=[32m"max-w-6x
l mx-auto grid 
grid-cols-1 
md:grid-cols-2 gap-8 
md:gap-12 
items-center"[39m
            
[36m>[39m
              
[36m<div[39m
                [33mc
ustom[39m=[32m"0.1"
[39m
                [33mi
nitial[39m=[32m"hidd
en"[39m
                [33mv
ariants[39m=[32m"[ob
ject Object]"[39m
                [33mv
iewport[39m=[32m"[ob
ject Object]"[39m
                [33mw
hileinview[39m=[32m"
visible"[39m
              
[36m>[39m
                
[36m<h1[39m
                  [33
mclass[39m=[32m"text
-2xl xs:text-3xl 
sm:text-4xl 
md:text-5xl font-bold 
leading-tight mb-4 
sm:mb-6"[39m
                
[36m>[39m
                  
[0mStep Into 
Confidence.[0m
                
[36m</h1>[39m
                
[36m<p[39m
                  [33
mclass[39m=[32m"text
-sm sm:text-base 
md:text-lg mb-6 
sm:mb-8 text-[#6B5B4A]
/90"[39m
                
[36m>[39m
                  
[0mDiscover premium 
footwear crafted for 
comfort, style, and 
everyday movement. 
Elevate your walk. 
Define your 
presence.[0m
                
[36m</p>[39m
                
[36m<div[39m
                  [33
mclass[39m=[32m"flex
 flex-col xs:flex-row 
gap-3 sm:gap-4"[39m
                
[36m>[39m
                  
[36m<a[39m
                    [
33mhref[39m=[32m"/ca
talogue"[39m
                  
[36m>[39m
                    
[0mShop Now[0m
                  
[36m</a>[39m
                  
[36m<a[39m
                    [
33mhref[39m=[32m"/ai
help"[39m
                  
[36m>[39m
                    
[0mSearch with AI[0m
                  
[36m</a>[39m
                
[36m</div>[39m
              
[36m</div>[39m
              
[36m<div[39m
                [33mc
lass[39m=[32m"flex 
justify-center 
md:justify-end 
order-first 
md:order-none"[39m
                [33mi
nitial[39m=[32m"[obj
ect Object]"[39m
                [33mt
ransition[39m=[32m"[
object Object]"[39m
                [33mv
iewport[39m=[32m"[ob
ject Object]"[39m
                [33mw
hileinview[39m=[32m"
[object Object]"[39m
              
[36m>[39m
                
[36m<img[39m
                  [33
malt[39m=[32m"Featur
ed Shoe"[39m
                  [33
mclass[39m=[32m"w-fu
ll max-w-[280px] 
sm:max-w-[320px] 
md:max-w-[400px] 
h-auto object-contain 
rounded-2xl 
shadow-lg"[39m
                  [33
mheight[39m=[32m"400
"[39m
                  [33
msrc[39m=[32m"/home2
.jpg"[39m
                  [33
mwidth[39m=[32m"400"
[39m
                
[36m/>[39m
              
[36m</div>[39m
            
[36m</div>[39m
          
[36m</section>[39m
          
[36m<section[39m
            [33mclass
[39m=[32m"py-12 
sm:py-16 md:py-20 
px-4 sm:px-6 md:px-12 
bg-white/50"[39m
            [33mcusto
m[39m=[32m"0.1"[39m
            [33miniti
al[39m=[32m"hidden"
[39m
            [33mvaria
nts[39m=[32m"[object
 Object]"[39m
            [33mviewp
ort[39m=[32m"[object
 Object]"[39m
            [33mwhile
inview[39m=[32m"visi
ble"[39m
          [36m>[39m
            
[36m<div[39m
              [33mcla
ss[39m=[32m"max-w-6x
l mx-auto text-center 
mb-12 md:mb-16"[39m
              [33mcus
tom[39m=[32m"0.1"[3
9m
              [33mvar
iants[39m=[32m"[obje
ct Object]"[39m
            
[36m>[39m
              
[36m<h2[39m
                [33mc
lass[39m=[32m"text-2
xl sm:text-3xl 
font-bold mb-4"[39m
              
[36m>[39m
                
[0mDesigned for 
Every Step[0m
              
[36m</h2>[39m
              
[36m<p[39m
                [33mc
lass[39m=[32m"text-s
m sm:text-base"[39m
              
[36m>[39m
                
[0mWhere comfort 
meets craftsmanship 
and modern style.[0m
              
[36m</p>[39m
            
[36m</div>[39m
            
[36m<div[39m
              [33mcla
ss[39m=[32m"grid 
grid-cols-1 
sm:grid-cols-2 
md:grid-cols-3 gap-8 
md:gap-10 max-w-6xl 
mx-auto"[39m
            
[36m>[39m
              
[36m<div[39m
                [33mc
lass[39m=[32m"bg-[#F
AF7F2] p-6 sm:p-8 
rounded-2xl 
text-center 
transition-shadow 
duration-200"[39m
                [33mc
ustom[39m=[32m"0.15"
[39m
                [33mi
nitial[39m=[32m"hidd
en"[39m
                [33mv
ariants[39m=[32m"[ob
ject Object]"[39m
                [33mv
iewport[39m=[32m"[ob
ject Object]"[39m
                [33mw
hilehover[39m=[32m"[
object Object]"[39m
                [33mw
hileinview[39m=[32m"
visible"[39m
              
[36m>[39m
                
[36m<img[39m
                  [33
malt[39m=[32m"Premiu
m Materials"[39m
                  [33
mclass[39m=[32m"mx-a
uto mb-4 sm:mb-6 
object-contain 
rounded-xl"[39m
                  [33
mheight[39m=[32m"200
"[39m
                  [33
msrc[39m=[32m"/new.j
pg"[39m
                  [33
mwidth[39m=[32m"250"
[39m
                
[36m/>[39m
                
[36m<h3[39m
                  [33
mclass[39m=[32m"text
-lg sm:text-xl 
font-semibold mb-2 
sm:mb-4"[39m
                
[36m>[39m
                  
[0mPremium 
Materials[0m
                
[36m</h3>[39m
                
[36m<p[39m
                  [33
mclass[39m=[32m"text
-sm sm:text-base"[39m
                
[36m>[39m
                  
[0mCarefully 
selected fabrics and 
durable soles built 
to last.[0m
                
[36m</p>[39m
              
[36m</div>[39m
              
[36m<div[39m
                [33mc
lass[39m=[32m"bg-[#F
AF7F2] p-6 sm:p-8 
rounded-2xl 
text-center 
transition-shadow 
duration-200"[39m
                [33mc
ustom[39m=[32m"0.2"
[39m
                [33mi
nitial[39m=[32m"hidd
en"[39m
                [33mv
ariants[39m=[32m"[ob
ject Object]"[39m
                [33mv
iewport[39m=[32m"[ob
ject Object]"[39m
                [33mw
hilehover[39m=[32m"[
object Object]"[39m
                [33mw
hileinview[39m=[32m"
visible"[39m
              
[36m>[39m
                
[36m<img[39m
                  [33
malt[39m=[32m"All 
Day Comfort"[39m
                  [33
mclass[39m=[32m"mx-a
uto mb-4 sm:mb-6 
object-contain 
rounded-xl"[39m
                  [33
mheight[39m=[32m"200
"[39m
                  [33
msrc[39m=[32m"/home4
.jpg"[39m
                  [33
mwidth[39m=[32m"250"
[39m
                
[36m/>[39m
                
[36m<h3[39m
                  [33
mclass[39m=[32m"text
-lg sm:text-xl 
font-semibold mb-2 
sm:mb-4"[39m
                
[36m>[39m
                  
[0mAll-Day 
Comfort[0m
                
[36m</h3>[39m
                
[36m<p[39m
                  [33
mclass[39m=[32m"text
-sm sm:text-base"[39m
                
[36m>[39m
                  
[0mLightweight 
support designed for 
long walks and busy 
days.[0m
                
[36m</p>[39m
              
[36m</div>[39m
              
[36m<div[39m
                [33mc
lass[39m=[32m"bg-[#F
AF7F2] p-6 sm:p-8 
rounded-2xl 
text-center 
transition-shadow 
duration-200"[39m
                [33mc
ustom[39m=[32m"0.25"
[39m
                [33mi
nitial[39m=[32m"hidd
en"[39m
                [33mv
ariants[39m=[32m"[ob
ject Object]"[39m
                [33mv
iewport[39m=[32m"[ob
ject Object]"[39m
                [33mw
hilehover[39m=[32m"[
object Object]"[39m
                [33mw
hileinview[39m=[32m"
visible"[39m
              
[36m>[39m
                
[36m<img[39m
                  [33
malt[39m=[32m"Modern
 Style"[39m
                  [33
mclass[39m=[32m"mx-a
uto mb-4 sm:mb-6 
object-contain 
rounded-xl"[39m
                  [33
mheight[39m=[32m"200
"[39m
                  [33
msrc[39m=[32m"/shoes
.jpg"[39m
                  [33
mwidth[39m=[32m"250"
[39m
                
[36m/>[39m
                
[36m<h3[39m
                  [33
mclass[39m=[32m"text
-lg sm:text-xl 
font-semibold mb-2 
sm:mb-4"[39m
                
[36m>[39m
                  
[0mModern Style[0m
                
[36m</h3>[39m
                
[36m<p[39m
                  [33
mclass[39m=[32m"text
-sm sm:text-base"[39m
                
[36m>[39m
                  
[0mTimeless designs 
that match every 
outfit and 
occasion.[0m
                
[36m</p>[39m
              
[36m</div>[39m
            
[36m</div>[39m
          
[36m</section>[39m
          
[36m<section[39m
            [33mclass
[39m=[32m"py-12 
sm:py-16 md:py-20 
px-4 sm:px-6 md:px-12 
bg-white/50"[39m
          [36m>[39m
            
[36m<div[39m
              [33mcla
ss[39m=[32m"max-w-6x
l mx-auto text-center 
mb-10 sm:mb-16"[39m
            
[36m>[39m
              
[36m<h2[39m
                [33mc
lass[39m=[32m"text-2
xl sm:text-3xl 
font-bold mb-4 
text-[#5C4A3A]"[39m
              
[36m>[39m
                
[0mBest Sellers[0m
              
[36m</h2>[39m
              
[36m<p[39m
                [33mc
lass[39m=[32m"text-s
m sm:text-base 
text-[#6B5B4A]"[39m
              
[36m>[39m
                
[0mOur most popular 
shoes loved by 
customers.[0m
              
[36m</p>[39m
            
[36m</div>[39m
            
[36m<div[39m
              [33mcla
ss[39m=[32m"grid 
grid-cols-1 
sm:grid-cols-2 
md:grid-cols-3 gap-8 
md:gap-10 max-w-6xl 
mx-auto"[39m
            
[36m>[39m
              
[36m<p[39m
                [33mc
lass[39m=[32m"col-sp
an-full text-center 
text-[#6B5B4A]"[39m
              
[36m>[39m
                
[0mLoading best 
sellers...[0m
              
[36m</p>[39m
            
[36m</div>[39m
          
[36m</section>[39m
          
[36m<section[39m
            [33mclass
[39m=[32m"py-12 
sm:py-16 md:py-20 
px-4 sm:px-6 md:px-12 
bg-white/50"[39m
          [36m>[39m
            
[36m<div[39m
              [33mcla
ss[39m=[32m"max-w-6x
l mx-auto text-center 
mb-10 sm:mb-16"[39m
            
[36m>[39m
              
[36m<h2[39m
                [33mc
lass[39m=[32m"text-2
xl sm:text-3xl 
font-bold mb-4"[39m
              
[36m>[39m
                
[0mExplore Our 
Collection[0m
              
[36m</h2>[39m
              
[36m<p[39m
                [33mc
lass[39m=[32m"text-s
m sm:text-base"[39m
              
[36m>[39m
                
[0mFind the perfect 
pair that matches 
your lifestyle.[0m
              
[36m</p>[39m
            
[36m</div>[39m
            
[36m<div[39m
              [33mcla
ss[39m=[32m"grid 
grid-cols-1 
sm:grid-cols-2 
md:grid-cols-3 gap-8 
md:gap-10 max-w-6xl 
mx-auto"[39m
            
[36m>[39m
              
[36m<a[39m
                [33mh
ref[39m=[32m"/catalo
gue?filter=Men"[39m
              
[36m>[39m
                
[36m<img[39m
                  [33
malt[39m=[32m"Men's 
Collection"[39m
                  [33
mclass[39m=[32m"mx-a
uto mb-4 sm:mb-6 
object-contain 
rounded-xl"[39m
                  [33
mheight[39m=[32m"200
"[39m
                  [33
msrc[39m=[32m"/maleS
ection2.jpg"[39m
                  [33
mwidth[39m=[32m"250"
[39m
                
[36m/>[39m
                
[36m<h3[39m
                  [33
mclass[39m=[32m"text
-lg sm:text-xl 
font-semibold mb-2 
sm:mb-4"[39m
                
[36m>[39m
                  
[0mMen's 
Collection[0m
                
[36m</h3>[39m
                
[36m<p[39m
                  [33
mclass[39m=[32m"text
-sm sm:text-base"[39m
                
[36m>[39m
                  
[0mStylish shoes 
designed for comfort 
and daily life.[0m
                
[36m</p>[39m
              
[36m</a>[39m
              
[36m<a[39m
                [33mh
ref[39m=[32m"/catalo
gue?filter=Women"[39m
              
[36m>[39m
                
[36m<img[39m
                  [33
malt[39m=[32m"Women'
s Collection"[39m
                  [33
mclass[39m=[32m"mx-a
uto mb-4 sm:mb-6 
object-contain 
rounded-xl"[39m
                  [33
mheight[39m=[32m"200
"[39m
                  [33
msrc[39m=[32m"/femal
eSection2.jpg"[39m
                  [33
mwidth[39m=[32m"250"
[39m
                
[36m/>[39m
                
[36m<h3[39m
                  [33
mclass[39m=[32m"text
-lg sm:text-xl 
font-semibold mb-2 
sm:mb-4"[39m
                
[36m>[39m
                  
[0mWomen's 
Collection[0m
                
[36m</h3>[39m
                
[36m<p[39m
                  [33
mclass[39m=[32m"text
-sm sm:text-base"[39m
                
[36m>[39m
                  
[0mElegant shoes for 
style and all-day 
comfort.[0m
                
[36m</p>[39m
              
[36m</a>[39m
              
[36m<a[39m
                [33mh
ref[39m=[32m"/catalo
gue?filter=Kids"[39m
              
[36m>[39m
                
[36m<img[39m
                  [33
malt[39m=[32m"Kids 
Collection"[39m
                  [33
mclass[39m=[32m"mx-a
uto mb-4 sm:mb-6 
object-contain 
rounded-xl"[39m
                  [33
mheight[39m=[32m"200
"[39m
                  [33
msrc[39m=[32m"/kidSe
ction.jpg"[39m
                  [33
mwidth[39m=[32m"250"
[39m
                
[36m/>[39m
                
[36m<h3[39m
                  [33
mclass[39m=[32m"text
-lg sm:text-xl 
font-semibold mb-2 
sm:mb-4"[39m
                
[36m>[39m
                  
[0mKids 
Collection[0m
                
[36m</h3>[39m
                
[36m<p[39m
                  [33
mclass[39m=[32m"text
-sm sm:text-base"[39m
                
[36m>[39m
                  
[0mFun, comfortable 
shoes for kids of all 
ages.[0m
                
[36m</p>[39m
              
[36m</a>[39m
            
[36m</div>[39m
          
[36m</section>[39m
          
[36m<section[39m
            [33mclass
[39m=[32m"py-12 
sm:py-16 md:py-20 
px-4 sm:px-6 md:px-12 
text-center"[39m
          [36m>[39m
            
[36m<div[39m
              [33mcla
ss[39m=[32m"max-w-4x
l mx-auto 
bg-[#8B7355] 
text-white 
rounded-2xl 
sm:rounded-3xl p-6 
sm:p-10 md:p-12"[39m
            
[36m>[39m
              
[36m<h2[39m
                [33mc
lass[39m=[32m"text-2
xl sm:text-3xl 
md:text-3xl font-bold 
mb-4 sm:mb-6"[39m
              
[36m>[39m
                
[0mFind Your Perfect 
Pair[0m
              
[36m</h2>[39m
              
[36m<p[39m
                [33mc
lass[39m=[32m"mb-6 
sm:mb-8 text-sm 
sm:text-base"[39m
              
[36m>[39m
                
[0mExplore our 
latest arrivals and 
step into something 
extraordinary.[0m
              
[36m</p>[39m
              
[36m<a[39m
                [33mh
ref[39m=[32m"/catalo
gue"[39m
              
[36m>[39m
                
[0mBrowse Shoes[0m
              
[36m</a>[39m
            
[36m</div>[39m
          
[36m</section>[39m
          
[36m<section[39m
            [33mclass
[39m=[32m"py-12 
sm:py-16 md:py-24 
px-4 sm:px-6 md:px-12 
bg-[#FAF7F2]"[39m
          [36m>[39m
            
[36m<div[39m
              [33mcla
ss[39m=[32m"max-w-6x
l mx-auto grid 
grid-cols-1 
md:grid-cols-2 gap-12 
items-center"[39m
            
[36m>[39m
              
[36m<div[39m
                [33mc
lass[39m=[32m"flex 
justify-center 
md:justify-start mb-8 
md:mb-0"[39m
              
[36m>[39m
                
[36m<img[39m
                  [33
malt[39m=[32m"About 
Our Brand"[39m
                  [33
mclass[39m=[32m"obje
ct-cover rounded-3xl 
shadow-lg"[39m
                  [33
mheight[39m=[32m"450
"[39m
                  [33
msrc[39m=[32m"/home3
.jpg"[39m
                  [33
mwidth[39m=[32m"450"
[39m
                
[36m/>[39m
              
[36m</div>[39m
              
[36m<div>[39m
                
[36m<h2[39m
                  [33
mclass[39m=[32m"text
-3xl sm:text-4xl 
md:text-5xl font-bold 
mb-6 text-center 
md:text-left"[39m
                
[36m>[39m
                  
[0mMore Than Just 
Shoes[0m
                
[36m</h2>[39m
                
[36m<p[39m
                  [33
mclass[39m=[32m"mb-1
0 text-sm 
sm:text-base 
text-center 
md:text-left"[39m
                
[36m>[39m
                  
[0mLearn about our 
story, mission, and 
how weÔÇÖre 
redefining comfort 
and style. Have 
questions? WeÔÇÖre 
always here to guide 
you every step of the 
way.[0m
                
[36m</p>[39m
                
[36m<div[39m
                  [33
mclass[39m=[32m"flex
 flex-col sm:flex-row 
justify-center 
md:justify-start 
gap-4 sm:gap-6"[39m
                
[36m>[39m
                  
[36m<a[39m
                    [
33mhref[39m=[32m"/ab
outus"[39m
                  
[36m>[39m
                    
[0mAbout Us[0m
                  
[36m</a>[39m
                  
[36m<a[39m
                    [
33mhref[39m=[32m"/co
ntact"[39m
                  
[36m>[39m
                    
[0mContact Us[0m
                  
[36m</a>[39m
                
[36m</div>[39m
              
[36m</div>[39m
            
[36m</div>[39m
          
[36m</section>[39m
        
[36m</div>[39m
      [36m</div>[39m
    [36m</body>[39m

    [0m [90m 78 
|[39m             [3
3m<[39m[33m/[39m[3
3mProvider[39m[33m>
[39m
     [90m 79 |[39m  
       )[33m;[39m
    [31m[1m>[22m[3
9m[90m 80 |[39m     
    expect(screen[33m
.[39mgetByText([32m'
Cool Shoe'[39m))[33m
.[39mtoBeInTheDocumen
t()[33m;[39m
     [90m    |[39m  
                     
[31m[1m^[22m[39m
     [90m 81 |[39m  
       expect(screen[
33m.[39mgetByText([3
2m'$99'[39m))[33m.[
39mtoBeInTheDocument()
[33m;[39m
     [90m 82 |[39m  
   })[33m;[39m
     [90m 83 
|[39m[0m

      at Object.getEle
mentError (node_module
s/@testing-library/dom
/dist/config.js:37:19)
      at node_modules/
@testing-library/dom/d
ist/query-helpers.js:7
6:38
      at node_modules/
@testing-library/dom/d
ist/query-helpers.js:5
2:17
      at node_modules/
@testing-library/dom/d
ist/query-helpers.js:9
5:19
      at 
Object.getByText (__te
sts__/Home.test.jsx:80
:23)

Test Suites: 2 
failed, 2 total
Tests:       4 
failed, 9 passed, 13 
total
Snapshots:   0 total
Time:        16.83 s
Ran all test suites.
